// Vitest Snapshot v1, https://vitest.dev/guide/snapshot.html

exports[`create Adapter Helper > checking for the results of an adapter call, as well as the parameters passed into the adapter call > create > should expect the result to respect the select fields 1`] = `
{
  "email": "test@test.com",
}
`;
